Ques-2 Create at least 2 feature branches from the main branch (Add multiple files)  - 
Add commits on each feature branch.

>Git Branch--->

nitesh@nitesh-Latitude-3450:~/Assignment-Git$ git branch
* master
nitesh@nitesh-Latitude-3450:~/Assignment-Git$ git branch Branch1
nitesh@nitesh-Latitude-3450:~/Assignment-Git$ git branch
  Branch1
* master
nitesh@nitesh-Latitude-3450:~/Assignment-Git$ git checkout Branch1
Switched to branch 'Branch1'
nitesh@nitesh-Latitude-3450:~/Assignment-Git$ vi file1
nitesh@nitesh-Latitude-3450:~/Assignment-Git$ git add file1
nitesh@nitesh-Latitude-3450:~/Assignment-Git$ git status
On branch Branch1
Changes to be committed:
  (use "git restore --staged <file>..." to unstage)
	new file:   file1

nitesh@nitesh-Latitude-3450:~/Assignment-Git$ git commit -m "my hobbies"
[Branch1 4f650aa] my hobbies
 1 file changed, 4 insertions(+)
 create mode 100644 file1
nitesh@nitesh-Latitude-3450:~/Assignment-Git$ git branch
* Branch1
  master








         
nitesh@nitesh-Latitude-3450:~/Assignment-Git$ git checkout -b Branch2
Switched to a new branch 'Branch2'
nitesh@nitesh-Latitude-3450:~/Assignment-Git$ git branch
  Branch1
* Branch2
  master
nitesh@nitesh-Latitude-3450:~/Assignment-Git$ vi file2.txt
nitesh@nitesh-Latitude-3450:~/Assignment-Git$ git status
On branch Branch2
Untracked files:
  (use "git add <file>..." to include in what will be committed)
	file2.txt

nothing added to commit but untracked files present (use "git add" to track)
nitesh@nitesh-Latitude-3450:~/Assignment-Git$ git add .
nitesh@nitesh-Latitude-3450:~/Assignment-Git$ git commit -m "my subjects"
[Branch2 88ea5b5] my subjects
 1 file changed, 3 insertions(+)
 create mode 100644 file2.txt  


